// Vitest Snapshot v1, https://vitest.dev/guide/snapshot.html

exports[`Combat Engine Integration > Scenario 1: 3 Strikers vs 1 Heavy Enemy > should defeat enemy through simultaneous damage 1`] = `
[
  {
    "actorId": "player-1",
    "message": "Striker 1 used Strike",
    "skillName": "Strike",
    "tick": 3,
    "type": "action-resolved",
  },
  {
    "actorId": "player-1",
    "message": "Heavy Enemy takes 15 damage",
    "targetId": "enemy-1",
    "tick": 3,
    "type": "damage",
    "value": 15,
  },
  {
    "actorId": "player-1",
    "message": "Striker 1 used Strike",
    "skillName": "Strike",
    "tick": 3,
    "type": "action-resolved",
  },
  {
    "actorId": "player-1",
    "message": "Heavy Enemy takes 15 damage",
    "targetId": "enemy-1",
    "tick": 3,
    "type": "damage",
    "value": 15,
  },
  {
    "actorId": "player-2",
    "message": "Striker 2 used Strike",
    "skillName": "Strike",
    "tick": 3,
    "type": "action-resolved",
  },
  {
    "actorId": "player-2",
    "message": "Heavy Enemy takes 15 damage",
    "targetId": "enemy-1",
    "tick": 3,
    "type": "damage",
    "value": 15,
  },
  {
    "actorId": "player-2",
    "message": "Striker 2 used Strike",
    "skillName": "Strike",
    "tick": 3,
    "type": "action-resolved",
  },
  {
    "actorId": "player-2",
    "message": "Heavy Enemy takes 15 damage",
    "targetId": "enemy-1",
    "tick": 3,
    "type": "damage",
    "value": 15,
  },
  {
    "actorId": "player-3",
    "message": "Striker 3 used Strike",
    "skillName": "Strike",
    "tick": 3,
    "type": "action-resolved",
  },
  {
    "actorId": "player-3",
    "message": "Heavy Enemy takes 15 damage",
    "targetId": "enemy-1",
    "tick": 3,
    "type": "damage",
    "value": 15,
  },
  {
    "actorId": "player-3",
    "message": "Striker 3 used Strike",
    "skillName": "Strike",
    "tick": 3,
    "type": "action-resolved",
  },
  {
    "actorId": "player-3",
    "message": "Heavy Enemy takes 15 damage",
    "targetId": "enemy-1",
    "tick": 3,
    "type": "damage",
    "value": 15,
  },
  {
    "actorId": "enemy-1",
    "message": "Heavy Enemy used Strike",
    "skillName": "Strike",
    "tick": 3,
    "type": "action-resolved",
  },
  {
    "actorId": "enemy-1",
    "message": "Striker 1 takes 15 damage",
    "targetId": "player-1",
    "tick": 3,
    "type": "damage",
    "value": 15,
  },
  {
    "message": "Heavy Enemy was knocked out",
    "targetId": "enemy-1",
    "tick": 3,
    "type": "knockout",
  },
  {
    "message": "Victory!",
    "tick": 3,
    "type": "victory",
  },
]
`;
