// Vitest Snapshot v1, https://vitest.dev/guide/snapshot.html

exports[`Enemy AI Integration > Scenario: Multi-Turn AI Combat > should demonstrate full multi-turn battle with AI decisions 1`] = `
[
  {
    "actorId": "player-1",
    "message": "Hero used Strike",
    "skillName": "Strike",
    "tick": 3,
    "type": "action-resolved",
  },
  {
    "actorId": "player-1",
    "message": "Goblin takes 15 damage",
    "targetId": "enemy-1",
    "tick": 3,
    "type": "damage",
    "value": 15,
  },
  {
    "actorId": "player-1",
    "message": "Hero used Strike",
    "skillName": "Strike",
    "tick": 3,
    "type": "action-resolved",
  },
  {
    "actorId": "player-1",
    "message": "Goblin takes 15 damage",
    "targetId": "enemy-1",
    "tick": 3,
    "type": "damage",
    "value": 15,
  },
  {
    "actorId": "enemy-1",
    "message": "Goblin used Strike",
    "skillName": "Strike",
    "tick": 3,
    "type": "action-resolved",
  },
  {
    "actorId": "enemy-1",
    "message": "Hero takes 15 damage",
    "targetId": "player-1",
    "tick": 3,
    "type": "damage",
    "value": 15,
  },
  {
    "message": "Goblin was knocked out",
    "targetId": "enemy-1",
    "tick": 3,
    "type": "knockout",
  },
  {
    "message": "Victory!",
    "tick": 3,
    "type": "victory",
  },
]
`;
